
> campussphere@0.0.0 build
> vite build

[36mvite v7.3.1 [32mbuilding client environment for production...[36m[39m
transforming...
[32mΓ£ô[39m 2160 modules transformed.
rendering chunks...
computing gzip size...
[2mdist/[22m[32mindex.html                 [39m[1m[2m  1.65 kB[22m[1m[22m[2m Γöé gzip:   0.77 kB[22m
[2mdist/[22m[35massets/index-DkOdvnV4.css  [39m[1m[2m 54.33 kB[22m[1m[22m[2m Γöé gzip:   8.91 kB[22m
[2mdist/[22m[36massets/index-zoai-qje.js   [39m[1m[2m479.34 kB[22m[1m[22m[2m Γöé gzip: 138.97 kB[22m
[32mΓ£ô built in 5.86s[39m
